// Jest Snapshot v1, https://goo.gl/fbAQLP

exports[`Sending a message mutations Tests should send a message 1`] = `
Object {
  "data": Object {
    "sendMessage": Object {
      "messageContent": "sdfadsfs",
      "recieverId": "ckwdeztmj00141chf6rqlxv8f",
      "senderId": "ckwdeztm900071chfsi1fz8hv",
    },
  },
  "errors": undefined,
  "extensions": undefined,
  "http": Object {
    "headers": Headers {
      Symbol(map): Object {},
    },
  },
}
`;
