// Jest Snapshot v1, https://goo.gl/fbAQLP

exports[`Test contact mutations should create an contact 1`] = `
Object {
  "data": Object {
    "addContact": Object {
      "email": "placeholder@service.com",
      "name": "Placeholder1",
    },
  },
  "errors": undefined,
  "extensions": undefined,
  "http": Object {
    "headers": Headers {
      Symbol(map): Object {},
    },
  },
}
`;
